Archive member included to satisfy reference by file (symbol)

C:/ST/STM32CubeCLT_1.16.0/GNU-tools-for-STM32/bin/../lib/gcc/arm-none-eabi/12.3.1/../../../../arm-none-eabi/lib/thumb/v7e-m+fp/hard\libc_nano.a(libc_a-exit.o)
                              C:/ST/STM32CubeCLT_1.16.0/GNU-tools-for-STM32/bin/../lib/gcc/arm-none-eabi/12.3.1/../../../../arm-none-eabi/lib/thumb/v7e-m+fp/hard/crt0.o (exit)
C:/ST/STM32CubeCLT_1.16.0/GNU-tools-for-STM32/bin/../lib/gcc/arm-none-eabi/12.3.1/../../../../arm-none-eabi/lib/thumb/v7e-m+fp/hard\libc_nano.a(libc_a-findfp.o)
                              C:/ST/STM32CubeCLT_1.16.0/GNU-tools-for-STM32/bin/../lib/gcc/arm-none-eabi/12.3.1/../../../../arm-none-eabi/lib/thumb/v7e-m+fp/hard\libc_nano.a(libc_a-exit.o) (__stdio_exit_handler)
C:/ST/STM32CubeCLT_1.16.0/GNU-tools-for-STM32/bin/../lib/gcc/arm-none-eabi/12.3.1/../../../../arm-none-eabi/lib/thumb/v7e-m+fp/hard\libc_nano.a(libc_a-fwalk.o)
                              C:/ST/STM32CubeCLT_1.16.0/GNU-tools-for-STM32/bin/../lib/gcc/arm-none-eabi/12.3.1/../../../../arm-none-eabi/lib/thumb/v7e-m+fp/hard\libc_nano.a(libc_a-findfp.o) (_fwalk_sglue)
C:/ST/STM32CubeCLT_1.16.0/GNU-tools-for-STM32/bin/../lib/gcc/arm-none-eabi/12.3.1/../../../../arm-none-eabi/lib/thumb/v7e-m+fp/hard\libc_nano.a(libc_a-stdio.o)
                              C:/ST/STM32CubeCLT_1.16.0/GNU-tools-for-STM32/bin/../lib/gcc/arm-none-eabi/12.3.1/../../../../arm-none-eabi/lib/thumb/v7e-m+fp/hard\libc_nano.a(libc_a-findfp.o) (__sread)
C:/ST/STM32CubeCLT_1.16.0/GNU-tools-for-STM32/bin/../lib/gcc/arm-none-eabi/12.3.1/../../../../arm-none-eabi/lib/thumb/v7e-m+fp/hard\libc_nano.a(libc_a-memset.o)
                              C:/ST/STM32CubeCLT_1.16.0/GNU-tools-for-STM32/bin/../lib/gcc/arm-none-eabi/12.3.1/../../../../arm-none-eabi/lib/thumb/v7e-m+fp/hard/crt0.o (memset)
C:/ST/STM32CubeCLT_1.16.0/GNU-tools-for-STM32/bin/../lib/gcc/arm-none-eabi/12.3.1/../../../../arm-none-eabi/lib/thumb/v7e-m+fp/hard\libc_nano.a(libc_a-closer.o)
                              C:/ST/STM32CubeCLT_1.16.0/GNU-tools-for-STM32/bin/../lib/gcc/arm-none-eabi/12.3.1/../../../../arm-none-eabi/lib/thumb/v7e-m+fp/hard\libc_nano.a(libc_a-stdio.o) (_close_r)
C:/ST/STM32CubeCLT_1.16.0/GNU-tools-for-STM32/bin/../lib/gcc/arm-none-eabi/12.3.1/../../../../arm-none-eabi/lib/thumb/v7e-m+fp/hard\libc_nano.a(libc_a-reent.o)
                              C:/ST/STM32CubeCLT_1.16.0/GNU-tools-for-STM32/bin/../lib/gcc/arm-none-eabi/12.3.1/../../../../arm-none-eabi/lib/thumb/v7e-m+fp/hard\libc_nano.a(libc_a-closer.o) (errno)
C:/ST/STM32CubeCLT_1.16.0/GNU-tools-for-STM32/bin/../lib/gcc/arm-none-eabi/12.3.1/../../../../arm-none-eabi/lib/thumb/v7e-m+fp/hard\libc_nano.a(libc_a-impure.o)
                              C:/ST/STM32CubeCLT_1.16.0/GNU-tools-for-STM32/bin/../lib/gcc/arm-none-eabi/12.3.1/../../../../arm-none-eabi/lib/thumb/v7e-m+fp/hard\libc_nano.a(libc_a-reent.o) (_impure_ptr)
C:/ST/STM32CubeCLT_1.16.0/GNU-tools-for-STM32/bin/../lib/gcc/arm-none-eabi/12.3.1/../../../../arm-none-eabi/lib/thumb/v7e-m+fp/hard\libc_nano.a(libc_a-lseekr.o)
                              C:/ST/STM32CubeCLT_1.16.0/GNU-tools-for-STM32/bin/../lib/gcc/arm-none-eabi/12.3.1/../../../../arm-none-eabi/lib/thumb/v7e-m+fp/hard\libc_nano.a(libc_a-stdio.o) (_lseek_r)
C:/ST/STM32CubeCLT_1.16.0/GNU-tools-for-STM32/bin/../lib/gcc/arm-none-eabi/12.3.1/../../../../arm-none-eabi/lib/thumb/v7e-m+fp/hard\libc_nano.a(libc_a-readr.o)
                              C:/ST/STM32CubeCLT_1.16.0/GNU-tools-for-STM32/bin/../lib/gcc/arm-none-eabi/12.3.1/../../../../arm-none-eabi/lib/thumb/v7e-m+fp/hard\libc_nano.a(libc_a-stdio.o) (_read_r)
C:/ST/STM32CubeCLT_1.16.0/GNU-tools-for-STM32/bin/../lib/gcc/arm-none-eabi/12.3.1/../../../../arm-none-eabi/lib/thumb/v7e-m+fp/hard\libc_nano.a(libc_a-writer.o)
                              C:/ST/STM32CubeCLT_1.16.0/GNU-tools-for-STM32/bin/../lib/gcc/arm-none-eabi/12.3.1/../../../../arm-none-eabi/lib/thumb/v7e-m+fp/hard\libc_nano.a(libc_a-stdio.o) (_write_r)
C:/ST/STM32CubeCLT_1.16.0/GNU-tools-for-STM32/bin/../lib/gcc/arm-none-eabi/12.3.1/../../../../arm-none-eabi/lib/thumb/v7e-m+fp/hard\libc_nano.a(libc_a-init.o)
                              C:/ST/STM32CubeCLT_1.16.0/GNU-tools-for-STM32/bin/../lib/gcc/arm-none-eabi/12.3.1/../../../../arm-none-eabi/lib/thumb/v7e-m+fp/hard/crt0.o (__libc_init_array)
C:/ST/STM32CubeCLT_1.16.0/GNU-tools-for-STM32/bin/../lib/gcc/arm-none-eabi/12.3.1/../../../../arm-none-eabi/lib/thumb/v7e-m+fp/hard\libc_nano.a(libc_a-lock.o)
                              C:/ST/STM32CubeCLT_1.16.0/GNU-tools-for-STM32/bin/../lib/gcc/arm-none-eabi/12.3.1/../../../../arm-none-eabi/lib/thumb/v7e-m+fp/hard\libc_nano.a(libc_a-findfp.o) (__retarget_lock_init_recursive)
C:/ST/STM32CubeCLT_1.16.0/GNU-tools-for-STM32/bin/../lib/gcc/arm-none-eabi/12.3.1/../../../../arm-none-eabi/lib/thumb/v7e-m+fp/hard\libc_nano.a(libc_a-freer.o)
[...]
Memory Configuration

Name             Origin             Length             Attributes
RAM              0x20000000         0x00020000         xrw
CCMRAM           0x10000000         0x00010000         xrw
FLASH            0x08000000         0x00080000         xr
*default*        0x00000000         0xffffffff

Linker script and memory map

LOAD C:/ST/STM32CubeCLT_1.16.0/GNU-tools-for-STM32/bin/../lib/gcc/arm-none-eabi/12.3.1/thumb/v7e-m+fp/hard/crti.o
LOAD C:/ST/STM32CubeCLT_1.16.0/GNU-tools-for-STM32/bin/../lib/gcc/arm-none-eabi/12.3.1/thumb/v7e-m+fp/hard/crtbegin.o
LOAD C:/ST/STM32CubeCLT_1.16.0/GNU-tools-for-STM32/bin/../lib/gcc/arm-none-eabi/12.3.1/../../../../arm-none-eabi/lib/thumb/v7e-m+fp/hard/crt0.o
START GROUP
LOAD C:/ST/STM32CubeCLT_1.16.0/GNU-tools-for-STM32/bin/../lib/gcc/arm-none-eabi/12.3.1/../../../../arm-none-eabi/lib/thumb/v7e-m+fp/hard\libc_nano.a
LOAD C:/ST/STM32CubeCLT_1.16.0/GNU-tools-for-STM32/bin/../lib/gcc/arm-none-eabi/12.3.1/../../../../arm-none-eabi/lib/thumb/v7e-m+fp/hard\libm.a
END GROUP
LOAD CMakeFiles/1602_LCD.dir/Core/Src/_CLCD.c.obj
LOAD CMakeFiles/1602_LCD.dir/Core/Src/main.c.obj
LOAD CMakeFiles/1602_LCD.dir/Core/Src/stm32f4xx_it.c.obj
LOAD CMakeFiles/1602_LCD.dir/Core/Src/syscalls.c.obj
LOAD CMakeFiles/1602_LCD.dir/Core/Src/sysmem.c.obj
LOAD CMakeFiles/1602_LCD.dir/Core/Src/system_stm32f4xx.c.obj
LOAD CMakeFiles/1602_LCD.dir/Drivers/STM32F4xx_HAL_Driver/Src/stm32f4xx_ll_gpio.c.obj
LOAD CMakeFiles/1602_LCD.dir/Drivers/STM32F4xx_HAL_Driver/Src/stm32f4xx_ll_rcc.c.obj
LOAD CMakeFiles/1602_LCD.dir/Drivers/STM32F4xx_HAL_Driver/Src/stm32f4xx_ll_utils.c.obj
LOAD CMakeFiles/1602_LCD.dir/Drivers/STM32F4xx_HAL_Driver/Src/stm32f4xx_ll_exti.c.obj
LOAD CMakeFiles/1602_LCD.dir/startup_stm32f407xx.s.obj
START GROUP
LOAD C:/ST/STM32CubeCLT_1.16.0/GNU-tools-for-STM32/bin/../lib/gcc/arm-none-eabi/12.3.1/thumb/v7e-m+fp/hard\libgcc.a
LOAD C:/ST/STM32CubeCLT_1.16.0/GNU-tools-for-STM32/bin/../lib/gcc/arm-none-eabi/12.3.1/../../../../arm-none-eabi/lib/thumb/v7e-m+fp/hard\libg_nano.a
LOAD C:/ST/STM32CubeCLT_1.16.0/GNU-tools-for-STM32/bin/../lib/gcc/arm-none-eabi/12.3.1/../../../../arm-none-eabi/lib/thumb/v7e-m+fp/hard\libc_nano.a
END GROUP
START GROUP
LOAD C:/ST/STM32CubeCLT_1.16.0/GNU-tools-for-STM32/bin/../lib/gcc/arm-none-eabi/12.3.1/thumb/v7e-m+fp/hard\libgcc.a
LOAD C:/ST/STM32CubeCLT_1.16.0/GNU-tools-for-STM32/bin/../lib/gcc/arm-none-eabi/12.3.1/../../../../arm-none-eabi/lib/thumb/v7e-m+fp/hard\libc_nano.a
END GROUP
LOAD C:/ST/STM32CubeCLT_1.16.0/GNU-tools-for-STM32/bin/../lib/gcc/arm-none-eabi/12.3.1/thumb/v7e-m+fp/hard/crtend.o
LOAD C:/ST/STM32CubeCLT_1.16.0/GNU-tools-for-STM32/bin/../lib/gcc/arm-none-eabi/12.3.1/thumb/v7e-m+fp/hard/crtn.o
                0x20020000                        _estack = (ORIGIN (RAM) + LENGTH (RAM))
                0x00000200                        _Min_Heap_Size = 0x200
                0x00000400                        _Min_Stack_Size = 0x400

.isr_vector     0x08000000      0x188
                0x08000000                        . = ALIGN (0x4)
 *(.isr_vector)
 .isr_vector    0x08000000      0x188 CMakeFiles/1602_LCD.dir/startup_stm32f407xx.s.obj
                0x08000000                g_pfnVectors
                0x08000188                        . = ALIGN (0x4)

.text           0x08000188      0xd70
                0x08000188                        . = ALIGN (0x4)
 *(.text)
 .text          0x08000188       0x40 C:/ST/STM32CubeCLT_1.16.0/GNU-tools-for-STM32/bin/../lib/gcc/arm-none-eabi/12.3.1/thumb/v7e-m+fp/hard/crtbegin.o
 *(.text*)
 .text.__libc_init_array
                0x080001c8       0x48 C:/ST/STM32CubeCLT_1.16.0/GNU-tools-for-STM32/bin/../lib/gcc/arm-none-eabi/12.3.1/../../../../arm-none-eabi/lib/thumb/v7e-m+fp/hard\libc_nano.a(libc_a-init.o)
                0x080001c8                __libc_init_array
 .text.LL_AHB1_GRP1_EnableClock
                0x08000210       0x30 CMakeFiles/1602_LCD.dir/Core/Src/_CLCD.c.obj
 .text.LL_GPIO_ResetOutputPin
                0x08000240       0x1e CMakeFiles/1602_LCD.dir/Core/Src/_CLCD.c.obj
 *fill*         0x0800025e        0x2 
 .text.CLCD_GPIO_Init
                0x08000260       0xd4 CMakeFiles/1602_LCD.dir/Core/Src/_CLCD.c.obj
                0x08000260                CLCD_GPIO_Init
 .text.CLCD_Instruction
                0x08000334      0x170 CMakeFiles/1602_LCD.dir/Core/Src/_CLCD.c.obj
                0x08000334                CLCD_Instruction
 .text.CLCD_Init
                0x080004a4       0x44 CMakeFiles/1602_LCD.dir/Core/Src/_CLCD.c.obj
                0x080004a4                CLCD_Init
 .text.__NVIC_SetPriorityGrouping
                0x080004e8       0x48 CMakeFiles/1602_LCD.dir/Core/Src/main.c.obj
 .text.__NVIC_GetPriorityGrouping
                0x08000530       0x1c CMakeFiles/1602_LCD.dir/Core/Src/main.c.obj
 .text.__NVIC_SetPriority
                0x0800054c       0x54 CMakeFiles/1602_LCD.dir/Core/Src/main.c.obj
 .text.NVIC_EncodePriority
                0x080005a0       0x66 CMakeFiles/1602_LCD.dir/Core/Src/main.c.obj
 *fill*         0x08000606        0x2 
 .text.LL_RCC_HSE_Enable
                0x08000608       0x20 CMakeFiles/1602_LCD.dir/Core/Src/main.c.obj
 .text.LL_RCC_HSE_IsReady
                0x08000628       0x28 CMakeFiles/1602_LCD.dir/Core/Src/main.c.obj
 .text.LL_RCC_SetSysClkSource
                0x08000650       0x28 CMakeFiles/1602_LCD.dir/Core/Src/main.c.obj
 .text.LL_RCC_GetSysClkSource
                0x08000678       0x1c CMakeFiles/1602_LCD.dir/Core/Src/main.c.obj
 .text.LL_RCC_SetAHBPrescaler
                0x08000694       0x28 CMakeFiles/1602_LCD.dir/Core/Src/main.c.obj
 .text.LL_RCC_SetAPB1Prescaler
                0x080006bc       0x28 CMakeFiles/1602_LCD.dir/Core/Src/main.c.obj
 .text.LL_RCC_SetAPB2Prescaler
                0x080006e4       0x28 CMakeFiles/1602_LCD.dir/Core/Src/main.c.obj
 .text.LL_RCC_PLL_Enable
                0x0800070c       0x20 CMakeFiles/1602_LCD.dir/Core/Src/main.c.obj
 .text.LL_RCC_PLL_IsReady
                0x0800072c       0x28 CMakeFiles/1602_LCD.dir/Core/Src/main.c.obj
 .text.LL_RCC_PLL_ConfigDomain_SYS
                0x08000754       0x4c CMakeFiles/1602_LCD.dir/Core/Src/main.c.obj
 .text.LL_AHB1_GRP1_EnableClock
                0x080007a0       0x30 CMakeFiles/1602_LCD.dir/Core/Src/main.c.obj
 .text.LL_APB1_GRP1_EnableClock
                0x080007d0       0x30 CMakeFiles/1602_LCD.dir/Core/Src/main.c.obj
 .text.LL_APB2_GRP1_EnableClock
                0x08000800       0x30 CMakeFiles/1602_LCD.dir/Core/Src/main.c.obj
 .text.LL_FLASH_SetLatency
                0x08000830       0x28 CMakeFiles/1602_LCD.dir/Core/Src/main.c.obj
 .text.LL_FLASH_GetLatency
                0x08000858       0x1c CMakeFiles/1602_LCD.dir/Core/Src/main.c.obj
 .text.LL_PWR_SetRegulVoltageScaling
                0x08000874       0x28 CMakeFiles/1602_LCD.dir/Core/Src/main.c.obj
 .text.LL_PWR_IsActiveFlag_VOS
                0x0800089c       0x28 CMakeFiles/1602_LCD.dir/Core/Src/main.c.obj
 .text.main     0x080008c4       0x4a CMakeFiles/1602_LCD.dir/Core/Src/main.c.obj
                0x080008c4                main
 *fill*         0x0800090e        0x2 
 .text.SystemClock_Config
                0x08000910       0x94 CMakeFiles/1602_LCD.dir/Core/Src/main.c.obj
                0x08000910                SystemClock_Config
 .text.MX_GPIO_Init
                0x080009a4        0xe CMakeFiles/1602_LCD.dir/Core/Src/main.c.obj
 .text.NMI_Handler
                0x080009b2        0x8 CMakeFiles/1602_LCD.dir/Core/Src/stm32f4xx_it.c.obj
                0x080009b2                NMI_Handler
 .text.HardFault_Handler
                0x080009ba        0x8 CMakeFiles/1602_LCD.dir/Core/Src/stm32f4xx_it.c.obj
                0x080009ba                HardFault_Handler
 .text.MemManage_Handler
                0x080009c2        0x8 CMakeFiles/1602_LCD.dir/Core/Src/stm32f4xx_it.c.obj
                0x080009c2                MemManage_Handler
 .text.BusFault_Handler
                0x080009ca        0x8 CMakeFiles/1602_LCD.dir/Core/Src/stm32f4xx_it.c.obj
                0x080009ca                BusFault_Handler
 .text.UsageFault_Handler
                0x080009d2        0x8 CMakeFiles/1602_LCD.dir/Core/Src/stm32f4xx_it.c.obj
                0x080009d2                UsageFault_Handler
 .text.SVC_Handler
                0x080009da        0xe CMakeFiles/1602_LCD.dir/Core/Src/stm32f4xx_it.c.obj
                0x080009da                SVC_Handler
 .text.DebugMon_Handler
                0x080009e8        0xe CMakeFiles/1602_LCD.dir/Core/Src/stm32f4xx_it.c.obj
                0x080009e8                DebugMon_Handler
 .text.PendSV_Handler
                0x080009f6        0xe CMakeFiles/1602_LCD.dir/Core/Src/stm32f4xx_it.c.obj
                0x080009f6                PendSV_Handler
 .text.SysTick_Handler
                0x08000a04        0xe CMakeFiles/1602_LCD.dir/Core/Src/stm32f4xx_it.c.obj
                0x08000a04                SysTick_Handler
 *fill*         0x08000a12        0x2 
 .text.SystemInit
                0x08000a14       0x24 CMakeFiles/1602_LCD.dir/Core/Src/system_stm32f4xx.c.obj
                0x08000a14                SystemInit
 .text.LL_GPIO_SetPinMode
                0x08000a38       0x7a CMakeFiles/1602_LCD.dir/Drivers/STM32F4xx_HAL_Driver/Src/stm32f4xx_ll_gpio.c.obj
 .text.LL_GPIO_SetPinOutputType
                0x08000ab2       0x30 CMakeFiles/1602_LCD.dir/Drivers/STM32F4xx_HAL_Driver/Src/stm32f4xx_ll_gpio.c.obj
 .text.LL_GPIO_SetPinSpeed
                0x08000ae2       0x7a CMakeFiles/1602_LCD.dir/Drivers/STM32F4xx_HAL_Driver/Src/stm32f4xx_ll_gpio.c.obj
 .text.LL_GPIO_SetPinPull
                0x08000b5c       0x7a CMakeFiles/1602_LCD.dir/Drivers/STM32F4xx_HAL_Driver/Src/stm32f4xx_ll_gpio.c.obj
 .text.LL_GPIO_SetAFPin_0_7
                0x08000bd6       0x7a CMakeFiles/1602_LCD.dir/Drivers/STM32F4xx_HAL_Driver/Src/stm32f4xx_ll_gpio.c.obj
 .text.LL_GPIO_SetAFPin_8_15
                0x08000c50       0x7e CMakeFiles/1602_LCD.dir/Drivers/STM32F4xx_HAL_Driver/Src/stm32f4xx_ll_gpio.c.obj
 .text.LL_GPIO_Init
                0x08000cce      0x102 CMakeFiles/1602_LCD.dir/Drivers/STM32F4xx_HAL_Driver/Src/stm32f4xx_ll_gpio.c.obj
                0x08000cce                LL_GPIO_Init
 .text.LL_InitTick
                0x08000dd0       0x34 CMakeFiles/1602_LCD.dir/Drivers/STM32F4xx_HAL_Driver/Src/stm32f4xx_ll_utils.c.obj
 .text.LL_Init1msTick
                0x08000e04       0x1a CMakeFiles/1602_LCD.dir/Drivers/STM32F4xx_HAL_Driver/Src/stm32f4xx_ll_utils.c.obj
                0x08000e04                LL_Init1msTick
 *fill*         0x08000e1e        0x2 
 .text.LL_mDelay
                0x08000e20       0x4c CMakeFiles/1602_LCD.dir/Drivers/STM32F4xx_HAL_Driver/Src/stm32f4xx_ll_utils.c.obj
                0x08000e20                LL_mDelay
 .text.LL_SetSystemCoreClock
                0x08000e6c       0x20 CMakeFiles/1602_LCD.dir/Drivers/STM32F4xx_HAL_Driver/Src/stm32f4xx_ll_utils.c.obj
                0x08000e6c                LL_SetSystemCoreClock
 .text.Reset_Handler
                0x08000e8c       0x50 CMakeFiles/1602_LCD.dir/startup_stm32f407xx.s.obj
                0x08000e8c                Reset_Handler
 .text.Default_Handler
                0x08000edc        0x2 CMakeFiles/1602_LCD.dir/startup_stm32f407xx.s.obj
                0x08000edc                RTC_Alarm_IRQHandler
                0x08000edc                HASH_RNG_IRQHandler
                0x08000edc                EXTI2_IRQHandler
                0x08000edc                TIM8_CC_IRQHandler
                0x08000edc                TIM1_CC_IRQHandler
                0x08000edc                DMA2_Stream5_IRQHandler
                0x08000edc                DMA1_Stream5_IRQHandler
                0x08000edc                PVD_IRQHandler
                0x08000edc                SDIO_IRQHandler
                0x08000edc                TAMP_STAMP_IRQHandler
                0x08000edc                CAN2_RX1_IRQHandler
                0x08000edc                EXTI3_IRQHandler
                0x08000edc                TIM8_TRG_COM_TIM14_IRQHandler
                0x08000edc                TIM1_UP_TIM10_IRQHandler
                0x08000edc                TIM8_UP_TIM13_IRQHandler
                0x08000edc                I2C3_ER_IRQHandler
                0x08000edc                EXTI0_IRQHandler
                0x08000edc                I2C2_EV_IRQHandler
                0x08000edc                DMA1_Stream2_IRQHandler
                0x08000edc                CAN1_RX0_IRQHandler
                0x08000edc                FPU_IRQHandler
                0x08000edc                OTG_HS_WKUP_IRQHandler
                0x08000edc                CAN2_SCE_IRQHandler
                0x08000edc                DMA2_Stream2_IRQHandler
                0x08000edc                SPI1_IRQHandler
                0x08000edc                TIM6_DAC_IRQHandler
                0x08000edc                TIM1_BRK_TIM9_IRQHandler
                0x08000edc                DCMI_IRQHandler
                0x08000edc                CAN2_RX0_IRQHandler
                0x08000edc                DMA2_Stream3_IRQHandler
                0x08000edc                USART6_IRQHandler
                0x08000edc                USART3_IRQHandler
                0x08000edc                CAN1_RX1_IRQHandler
                0x08000edc                UART5_IRQHandler
                0x08000edc                DMA2_Stream0_IRQHandler
                0x08000edc                TIM4_IRQHandler
                0x08000edc                I2C1_EV_IRQHandler
                0x08000edc                DMA1_Stream6_IRQHandler
                0x08000edc                DMA1_Stream1_IRQHandler
                0x08000edc                UART4_IRQHandler
                0x08000edc                TIM3_IRQHandler
                0x08000edc                RCC_IRQHandler
                0x08000edc                TIM8_BRK_TIM12_IRQHandler
                0x08000edc                Default_Handler
                0x08000edc                EXTI15_10_IRQHandler
                0x08000edc                ADC_IRQHandler
                0x08000edc                DMA1_Stream7_IRQHandler
                0x08000edc                TIM7_IRQHandler
                0x08000edc                CAN2_TX_IRQHandler
                0x08000edc                TIM5_IRQHandler
                0x08000edc                DMA2_Stream7_IRQHandler
                0x08000edc                I2C3_EV_IRQHandler
                0x08000edc                EXTI9_5_IRQHandler
                0x08000edc                RTC_WKUP_IRQHandler
                0x08000edc                ETH_WKUP_IRQHandler
                0x08000edc                SPI2_IRQHandler
                0x08000edc                OTG_HS_EP1_IN_IRQHandler
                0x08000edc                DMA1_Stream0_IRQHandler
                0x08000edc                CAN1_TX_IRQHandler
                0x08000edc                EXTI4_IRQHandler
                0x08000edc                FSMC_IRQHandler
                0x08000edc                ETH_IRQHandler
                0x08000edc                OTG_HS_EP1_OUT_IRQHandler
                0x08000edc                WWDG_IRQHandler
                0x08000edc                TIM2_IRQHandler
                0x08000edc                OTG_FS_WKUP_IRQHandler
                0x08000edc                TIM1_TRG_COM_TIM11_IRQHandler
                0x08000edc                OTG_HS_IRQHandler
                0x08000edc                EXTI1_IRQHandler
                0x08000edc                USART2_IRQHandler
                0x08000edc                I2C2_ER_IRQHandler
                0x08000edc                DMA2_Stream1_IRQHandler
                0x08000edc                CAN1_SCE_IRQHandler
                0x08000edc                FLASH_IRQHandler
                0x08000edc                DMA2_Stream4_IRQHandler
                0x08000edc                USART1_IRQHandler
                0x08000edc                OTG_FS_IRQHandler
                0x08000edc                SPI3_IRQHandler
                0x08000edc                DMA1_Stream4_IRQHandler
                0x08000edc                I2C1_ER_IRQHandler
                0x08000edc                DMA2_Stream6_IRQHandler
                0x08000edc                DMA1_Stream3_IRQHandler
 *(.glue_7)
 .glue_7        0x08000ede        0x0 linker stubs
 *(.glue_7t)
 .glue_7t       0x08000ede        0x0 linker stubs
 *(.eh_frame)
 *fill*         0x08000ede        0x2 
 .eh_frame      0x08000ee0        0x0 C:/ST/STM32CubeCLT_1.16.0/GNU-tools-for-STM32/bin/../lib/gcc/arm-none-eabi/12.3.1/thumb/v7e-m+fp/hard/crtbegin.o
 *(.init)
 .init          0x08000ee0        0x4 C:/ST/STM32CubeCLT_1.16.0/GNU-tools-for-STM32/bin/../lib/gcc/arm-none-eabi/12.3.1/thumb/v7e-m+fp/hard/crti.o
                0x08000ee0                _init
 .init          0x08000ee4        0x8 C:/ST/STM32CubeCLT_1.16.0/GNU-tools-for-STM32/bin/../lib/gcc/arm-none-eabi/12.3.1/thumb/v7e-m+fp/hard/crtn.o
 *(.fini)
 .fini          0x08000eec        0x4 C:/ST/STM32CubeCLT_1.16.0/GNU-tools-for-STM32/bin/../lib/gcc/arm-none-eabi/12.3.1/thumb/v7e-m+fp/hard/crti.o
                0x08000eec                _fini
 .fini          0x08000ef0        0x8 C:/ST/STM32CubeCLT_1.16.0/GNU-tools-for-STM32/bin/../lib/gcc/arm-none-eabi/12.3.1/thumb/v7e-m+fp/hard/crtn.o
                0x08000ef8                        . = ALIGN (0x4)
                0x08000ef8                        _etext = .

.vfp11_veneer   0x08000ef8        0x0
 .vfp11_veneer  0x08000ef8        0x0 linker stubs

.v4_bx          0x08000ef8        0x0
 .v4_bx         0x08000ef8        0x0 linker stubs

.iplt           0x08000ef8        0x0
 .iplt          0x08000ef8        0x0 C:/ST/STM32CubeCLT_1.16.0/GNU-tools-for-STM32/bin/../lib/gcc/arm-none-eabi/12.3.1/thumb/v7e-m+fp/hard/crtbegin.o

.rel.dyn        0x08000ef8        0x0
 .rel.iplt      0x08000ef8        0x0 C:/ST/STM32CubeCLT_1.16.0/GNU-tools-for-STM32/bin/../lib/gcc/arm-none-eabi/12.3.1/thumb/v7e-m+fp/hard/crtbegin.o

.rodata         0x08000ef8        0x0
                0x08000ef8                        . = ALIGN (0x4)
 *(.rodata)
 *(.rodata*)
                0x08000ef8                        . = ALIGN (0x4)

.ARM.extab
 *(.ARM.extab* .gnu.linkonce.armextab.*)

.ARM            0x08000ef8        0x0
                0x08000ef8                        __exidx_start = .
 *(.ARM.exidx*)
                0x08000ef8                        __exidx_end = .

.preinit_array  0x08000ef8        0x0
                0x08000ef8                        PROVIDE (__preinit_array_start = .)
 *(.preinit_array*)
                0x08000ef8                        PROVIDE (__preinit_array_end = .)

.init_array     0x08000ef8        0x4
                0x08000ef8                        PROVIDE (__init_array_start = .)
 *(SORT_BY_NAME(.init_array.*))
 *(.init_array*)
 .init_array    0x08000ef8        0x4 C:/ST/STM32CubeCLT_1.16.0/GNU-tools-for-STM32/bin/../lib/gcc/arm-none-eabi/12.3.1/thumb/v7e-m+fp/hard/crtbegin.o
                0x08000efc                        PROVIDE (__init_array_end = .)

.fini_array     0x08000efc        0x4
                [!provide]                        PROVIDE (__fini_array_start = .)
 *(SORT_BY_NAME(.fini_array.*))
 *(.fini_array*)
 .fini_array    0x08000efc        0x4 C:/ST/STM32CubeCLT_1.16.0/GNU-tools-for-STM32/bin/../lib/gcc/arm-none-eabi/12.3.1/thumb/v7e-m+fp/hard/crtbegin.o
                [!provide]                        PROVIDE (__fini_array_end = .)
                0x08000f00                        _sidata = LOADADDR (.data)

.data           0x20000000        0x4 load address 0x08000f00
                0x20000000                        . = ALIGN (0x4)
                0x20000000                        _sdata = .
 *(.data)
 *(.data*)
 .data.SystemCoreClock
                0x20000000        0x4 CMakeFiles/1602_LCD.dir/Core/Src/system_stm32f4xx.c.obj
                0x20000000                SystemCoreClock
                0x20000004                        . = ALIGN (0x4)
                0x20000004                        _edata = .
                0x08000f04                        _siccmram = LOADADDR (.ccmram)

.igot.plt       0x20000004        0x0 load address 0x08000f04
 .igot.plt      0x20000004        0x0 C:/ST/STM32CubeCLT_1.16.0/GNU-tools-for-STM32/bin/../lib/gcc/arm-none-eabi/12.3.1/thumb/v7e-m+fp/hard/crtbegin.o

.ccmram         0x10000000        0x0 load address 0x08000f04
                0x10000000                        . = ALIGN (0x4)
                0x10000000                        _sccmram = .
 *(.ccmram)
 *(.ccmram*)
                0x10000000                        . = ALIGN (0x4)
                0x10000000                        _eccmram = .
                0x10000000                        . = ALIGN (0x4)

.bss            0x20000004       0x1c
                0x20000004                        _sbss = .
                0x20000004                        __bss_start__ = _sbss
 *(.bss)
 .bss           0x20000004       0x1c C:/ST/STM32CubeCLT_1.16.0/GNU-tools-for-STM32/bin/../lib/gcc/arm-none-eabi/12.3.1/thumb/v7e-m+fp/hard/crtbegin.o
 *(.bss*)
 *(COMMON)
                0x20000020                        . = ALIGN (0x4)
                0x20000020                        _ebss = .
                0x20000020                        __bss_end__ = _ebss

._user_heap_stack
                0x20000020      0x600
                0x20000020                        . = ALIGN (0x8)
                [!provide]                        PROVIDE (end = .)
                0x20000020                        PROVIDE (_end = .)
                0x20000220                        . = (. + _Min_Heap_Size)
 *fill*         0x20000020      0x200 
                0x20000620                        . = (. + _Min_Stack_Size)
 *fill*         0x20000220      0x400 
                0x20000620                        . = ALIGN (0x8)

/DISCARD/
 libc.a(*)
 libm.a(*)
 libgcc.a(*)

.ARM.attributes
                0x00000000       0x30
 *(.ARM.attributes)
 .ARM.attributes
                0x00000000       0x22 C:/ST/STM32CubeCLT_1.16.0/GNU-tools-for-STM32/bin/../lib/gcc/arm-none-eabi/12.3.1/thumb/v7e-m+fp/hard/crti.o
 .ARM.attributes
                0x00000022       0x34 C:/ST/STM32CubeCLT_1.16.0/GNU-tools-for-STM32/bin/../lib/gcc/arm-none-eabi/12.3.1/thumb/v7e-m+fp/hard/crtbegin.o
 .ARM.attributes
                0x00000056       0x34 C:/ST/STM32CubeCLT_1.16.0/GNU-tools-for-STM32/bin/../lib/gcc/arm-none-eabi/12.3.1/../../../../arm-none-eabi/lib/thumb/v7e-m+fp/hard\libc_nano.a(libc_a-init.o)
 .ARM.attributes
                0x0000008a       0x34 CMakeFiles/1602_LCD.dir/Core/Src/_CLCD.c.obj
 .ARM.attributes
                0x000000be       0x34 CMakeFiles/1602_LCD.dir/Core/Src/main.c.obj
 .ARM.attributes
                0x000000f2       0x34 CMakeFiles/1602_LCD.dir/Core/Src/stm32f4xx_it.c.obj
 .ARM.attributes
                0x00000126       0x34 CMakeFiles/1602_LCD.dir/Core/Src/system_stm32f4xx.c.obj
 .ARM.attributes
                0x0000015a       0x34 CMakeFiles/1602_LCD.dir/Drivers/STM32F4xx_HAL_Driver/Src/stm32f4xx_ll_gpio.c.obj
 .ARM.attributes
                0x0000018e       0x34 CMakeFiles/1602_LCD.dir/Drivers/STM32F4xx_HAL_Driver/Src/stm32f4xx_ll_utils.c.obj
 .ARM.attributes
                0x000001c2       0x21 CMakeFiles/1602_LCD.dir/startup_stm32f407xx.s.obj
 .ARM.attributes
                0x000001e3       0x22 C:/ST/STM32CubeCLT_1.16.0/GNU-tools-for-STM32/bin/../lib/gcc/arm-none-eabi/12.3.1/thumb/v7e-m+fp/hard/crtn.o
OUTPUT(1602_LCD.elf elf32-littlearm)
LOAD linker stubs
LOAD C:/ST/STM32CubeCLT_1.16.0/GNU-tools-for-STM32/bin/../lib/gcc/arm-none-eabi/12.3.1/../../../../arm-none-eabi/lib/thumb/v7e-m+fp/hard\libc.a
LOAD C:/ST/STM32CubeCLT_1.16.0/GNU-tools-for-STM32/bin/../lib/gcc/arm-none-eabi/12.3.1/../../../../arm-none-eabi/lib/thumb/v7e-m+fp/hard\libm.a
LOAD C:/ST/STM32CubeCLT_1.16.0/GNU-tools-for-STM32/bin/../lib/gcc/arm-none-eabi/12.3.1/thumb/v7e-m+fp/hard\libgcc.a

.debug_frame    0x00000000      0xc14
 .debug_frame   0x00000000       0x2c C:/ST/STM32CubeCLT_1.16.0/GNU-tools-for-STM32/bin/../lib/gcc/arm-none-eabi/12.3.1/../../../../arm-none-eabi/lib/thumb/v7e-m+fp/hard\libc_nano.a(libc_a-init.o)
 .debug_frame   0x0000002c      0x14c CMakeFiles/1602_LCD.dir/Core/Src/_CLCD.c.obj
 .debug_frame   0x00000178      0x384 CMakeFiles/1602_LCD.dir/Core/Src/main.c.obj
 .debug_frame   0x000004fc      0x108 CMakeFiles/1602_LCD.dir/Core/Src/stm32f4xx_it.c.obj
 .debug_frame   0x00000604       0x58 CMakeFiles/1602_LCD.dir/Core/Src/system_stm32f4xx.c.obj
 .debug_frame   0x0000065c      0x1c0 CMakeFiles/1602_LCD.dir/Drivers/STM32F4xx_HAL_Driver/Src/stm32f4xx_ll_gpio.c.obj
 .debug_frame   0x0000081c      0x3f8 CMakeFiles/1602_LCD.dir/Drivers/STM32F4xx_HAL_Driver/Src/stm32f4xx_ll_utils.c.obj

.debug_info     0x00000000     0x2a0c
 .debug_info    0x00000000      0x4ee CMakeFiles/1602_LCD.dir/Core/Src/_CLCD.c.obj
 .debug_info    0x000004ee      0xc89 CMakeFiles/1602_LCD.dir/Core/Src/main.c.obj
 .debug_info    0x00001177      0x145 CMakeFiles/1602_LCD.dir/Core/Src/stm32f4xx_it.c.obj
 .debug_info    0x000012bc      0x50b CMakeFiles/1602_LCD.dir/Core/Src/system_stm32f4xx.c.obj
 .debug_info    0x000017c7      0x920 CMakeFiles/1602_LCD.dir/Drivers/STM32F4xx_HAL_Driver/Src/stm32f4xx_ll_gpio.c.obj
 .debug_info    0x000020e7      0x8f5 CMakeFiles/1602_LCD.dir/Drivers/STM32F4xx_HAL_Driver/Src/stm32f4xx_ll_utils.c.obj
 .debug_info    0x000029dc       0x30 CMakeFiles/1602_LCD.dir/startup_stm32f407xx.s.obj

.debug_abbrev   0x00000000      0xa63
 .debug_abbrev  0x00000000      0x1f8 CMakeFiles/1602_LCD.dir/Core/Src/_CLCD.c.obj
 .debug_abbrev  0x000001f8      0x253 CMakeFiles/1602_LCD.dir/Core/Src/main.c.obj
 .debug_abbrev  0x0000044b       0x80 CMakeFiles/1602_LCD.dir/Core/Src/stm32f4xx_it.c.obj
 .debug_abbrev  0x000004cb      0x11a CMakeFiles/1602_LCD.dir/Core/Src/system_stm32f4xx.c.obj
 .debug_abbrev  0x000005e5      0x237 CMakeFiles/1602_LCD.dir/Drivers/STM32F4xx_HAL_Driver/Src/stm32f4xx_ll_gpio.c.obj
 .debug_abbrev  0x0000081c      0x223 CMakeFiles/1602_LCD.dir/Drivers/STM32F4xx_HAL_Driver/Src/stm32f4xx_ll_utils.c.obj
 .debug_abbrev  0x00000a3f       0x24 CMakeFiles/1602_LCD.dir/startup_stm32f407xx.s.obj

.debug_aranges  0x00000000      0x358
 .debug_aranges
                0x00000000       0x60 CMakeFiles/1602_LCD.dir/Core/Src/_CLCD.c.obj
 .debug_aranges
                0x00000060       0xe0 CMakeFiles/1602_LCD.dir/Core/Src/main.c.obj
 .debug_aranges
                0x00000140       0x60 CMakeFiles/1602_LCD.dir/Core/Src/stm32f4xx_it.c.obj
 .debug_aranges
                0x000001a0       0x28 CMakeFiles/1602_LCD.dir/Core/Src/system_stm32f4xx.c.obj
 .debug_aranges
                0x000001c8       0x70 CMakeFiles/1602_LCD.dir/Drivers/STM32F4xx_HAL_Driver/Src/stm32f4xx_ll_gpio.c.obj
 .debug_aranges
                0x00000238       0xf8 CMakeFiles/1602_LCD.dir/Drivers/STM32F4xx_HAL_Driver/Src/stm32f4xx_ll_utils.c.obj
 .debug_aranges
                0x00000330       0x28 CMakeFiles/1602_LCD.dir/startup_stm32f407xx.s.obj

.debug_rnglists
                0x00000000      0x269
 .debug_rnglists
                0x00000000       0x46 CMakeFiles/1602_LCD.dir/Core/Src/_CLCD.c.obj
 .debug_rnglists
                0x00000046       0xa4 CMakeFiles/1602_LCD.dir/Core/Src/main.c.obj
 .debug_rnglists
                0x000000ea       0x43 CMakeFiles/1602_LCD.dir/Core/Src/stm32f4xx_it.c.obj
 .debug_rnglists
                0x0000012d       0x1a CMakeFiles/1602_LCD.dir/Core/Src/system_stm32f4xx.c.obj
 .debug_rnglists
                0x00000147       0x51 CMakeFiles/1602_LCD.dir/Drivers/STM32F4xx_HAL_Driver/Src/stm32f4xx_ll_gpio.c.obj
 .debug_rnglists
                0x00000198       0xb8 CMakeFiles/1602_LCD.dir/Drivers/STM32F4xx_HAL_Driver/Src/stm32f4xx_ll_utils.c.obj
 .debug_rnglists
                0x00000250       0x19 CMakeFiles/1602_LCD.dir/startup_stm32f407xx.s.obj

.debug_macro    0x00000000    0x1a5fa
 .debug_macro   0x00000000       0xfe CMakeFiles/1602_LCD.dir/Core/Src/_CLCD.c.obj
 .debug_macro   0x000000fe      0xaf6 CMakeFiles/1602_LCD.dir/Core/Src/_CLCD.c.obj
 .debug_macro   0x00000bf4       0x2e CMakeFiles/1602_LCD.dir/Core/Src/_CLCD.c.obj
 .debug_macro   0x00000c22       0x2f CMakeFiles/1602_LCD.dir/Core/Src/_CLCD.c.obj
 .debug_macro   0x00000c51       0x22 CMakeFiles/1602_LCD.dir/Core/Src/_CLCD.c.obj
 .debug_macro   0x00000c73       0x8e CMakeFiles/1602_LCD.dir/Core/Src/_CLCD.c.obj
 .debug_macro   0x00000d01       0x51 CMakeFiles/1602_LCD.dir/Core/Src/_CLCD.c.obj
 .debug_macro   0x00000d52      0x103 CMakeFiles/1602_LCD.dir/Core/Src/_CLCD.c.obj
 .debug_macro   0x00000e55       0x6a CMakeFiles/1602_LCD.dir/Core/Src/_CLCD.c.obj
 .debug_macro   0x00000ebf      0x1df CMakeFiles/1602_LCD.dir/Core/Src/_CLCD.c.obj
 .debug_macro   0x0000109e       0x1c CMakeFiles/1602_LCD.dir/Core/Src/_CLCD.c.obj
 .debug_macro   0x000010ba       0x22 CMakeFiles/1602_LCD.dir/Core/Src/_CLCD.c.obj
 .debug_macro   0x000010dc       0xfb CMakeFiles/1602_LCD.dir/Core/Src/_CLCD.c.obj
 .debug_macro   0x000011d7     0x1011 CMakeFiles/1602_LCD.dir/Core/Src/_CLCD.c.obj
 .debug_macro   0x000021e8      0x11f CMakeFiles/1602_LCD.dir/Core/Src/_CLCD.c.obj
 .debug_macro   0x00002307    0x15e97 CMakeFiles/1602_LCD.dir/Core/Src/_CLCD.c.obj
 .debug_macro   0x0001819e       0x6d CMakeFiles/1602_LCD.dir/Core/Src/_CLCD.c.obj
 .debug_macro   0x0001820b      0x1cf CMakeFiles/1602_LCD.dir/Core/Src/_CLCD.c.obj
 .debug_macro   0x000183da      0x149 CMakeFiles/1602_LCD.dir/Core/Src/_CLCD.c.obj
 .debug_macro   0x00018523       0x61 CMakeFiles/1602_LCD.dir/Core/Src/_CLCD.c.obj
 .debug_macro   0x00018584       0x58 CMakeFiles/1602_LCD.dir/Core/Src/_CLCD.c.obj
 .debug_macro   0x000185dc      0x13d CMakeFiles/1602_LCD.dir/Core/Src/main.c.obj
 .debug_macro   0x00018719      0x77b CMakeFiles/1602_LCD.dir/Core/Src/main.c.obj
 .debug_macro   0x00018e94      0x1d5 CMakeFiles/1602_LCD.dir/Core/Src/main.c.obj
 .debug_macro   0x00019069      0x20a CMakeFiles/1602_LCD.dir/Core/Src/main.c.obj
 .debug_macro   0x00019273       0xe8 CMakeFiles/1602_LCD.dir/Core/Src/main.c.obj
 .debug_macro   0x0001935b      0x1a6 CMakeFiles/1602_LCD.dir/Core/Src/main.c.obj
 .debug_macro   0x00019501       0xaa CMakeFiles/1602_LCD.dir/Core/Src/main.c.obj
 .debug_macro   0x000195ab      0x1e6 CMakeFiles/1602_LCD.dir/Core/Src/main.c.obj
 .debug_macro   0x00019791       0x22 CMakeFiles/1602_LCD.dir/Core/Src/main.c.obj
 .debug_macro   0x000197b3       0x5e CMakeFiles/1602_LCD.dir/Core/Src/main.c.obj
 .debug_macro   0x00019811      0x13e CMakeFiles/1602_LCD.dir/Core/Src/stm32f4xx_it.c.obj
 .debug_macro   0x0001994f       0xce CMakeFiles/1602_LCD.dir/Core/Src/system_stm32f4xx.c.obj
 .debug_macro   0x00019a1d      0x110 CMakeFiles/1602_LCD.dir/Drivers/STM32F4xx_HAL_Driver/Src/stm32f4xx_ll_gpio.c.obj
 .debug_macro   0x00019b2d      0x143 CMakeFiles/1602_LCD.dir/Drivers/STM32F4xx_HAL_Driver/Src/stm32f4xx_ll_gpio.c.obj
 .debug_macro   0x00019c70      0x1ae CMakeFiles/1602_LCD.dir/Drivers/STM32F4xx_HAL_Driver/Src/stm32f4xx_ll_utils.c.obj
 .debug_macro   0x00019e1e       0x5b CMakeFiles/1602_LCD.dir/Drivers/STM32F4xx_HAL_Driver/Src/stm32f4xx_ll_utils.c.obj
 .debug_macro   0x00019e79      0x781 CMakeFiles/1602_LCD.dir/Drivers/STM32F4xx_HAL_Driver/Src/stm32f4xx_ll_utils.c.obj

.debug_line     0x00000000     0x2f04
 .debug_line    0x00000000      0x925 CMakeFiles/1602_LCD.dir/Core/Src/_CLCD.c.obj
 .debug_line    0x00000925      0x92e CMakeFiles/1602_LCD.dir/Core/Src/main.c.obj
 .debug_line    0x00001253      0x656 CMakeFiles/1602_LCD.dir/Core/Src/stm32f4xx_it.c.obj
 .debug_line    0x000018a9      0x495 CMakeFiles/1602_LCD.dir/Core/Src/system_stm32f4xx.c.obj
 .debug_line    0x00001d3e      0x7c3 CMakeFiles/1602_LCD.dir/Drivers/STM32F4xx_HAL_Driver/Src/stm32f4xx_ll_gpio.c.obj
 .debug_line    0x00002501      0x989 CMakeFiles/1602_LCD.dir/Drivers/STM32F4xx_HAL_Driver/Src/stm32f4xx_ll_utils.c.obj
 .debug_line    0x00002e8a       0x7a CMakeFiles/1602_LCD.dir/startup_stm32f407xx.s.obj

.debug_str      0x00000000    0x93fb7
 .debug_str     0x00000000    0x89ce1 CMakeFiles/1602_LCD.dir/Core/Src/_CLCD.c.obj
                              0x89e6d (size before relaxing)
 .debug_str     0x00089ce1     0x8383 CMakeFiles/1602_LCD.dir/Core/Src/main.c.obj
                              0x92128 (size before relaxing)
 .debug_str     0x00092064       0xe9 CMakeFiles/1602_LCD.dir/Core/Src/stm32f4xx_it.c.obj
                              0x916c8 (size before relaxing)
 .debug_str     0x0009214d       0xa3 CMakeFiles/1602_LCD.dir/Core/Src/system_stm32f4xx.c.obj
                              0x88674 (size before relaxing)
 .debug_str     0x000921f0      0x6b5 CMakeFiles/1602_LCD.dir/Drivers/STM32F4xx_HAL_Driver/Src/stm32f4xx_ll_gpio.c.obj
                              0x8a09a (size before relaxing)
 .debug_str     0x000928a5     0x16b1 CMakeFiles/1602_LCD.dir/Drivers/STM32F4xx_HAL_Driver/Src/stm32f4xx_ll_utils.c.obj
                              0x8f31c (size before relaxing)
 .debug_str     0x00093f56       0x61 CMakeFiles/1602_LCD.dir/startup_stm32f407xx.s.obj
                                 0x9c (size before relaxing)

.comment        0x00000000       0x43
 .comment       0x00000000       0x43 CMakeFiles/1602_LCD.dir/Core/Src/_CLCD.c.obj
                                 0x44 (size before relaxing)
 .comment       0x00000043       0x44 CMakeFiles/1602_LCD.dir/Core/Src/main.c.obj
 .comment       0x00000043       0x44 CMakeFiles/1602_LCD.dir/Core/Src/stm32f4xx_it.c.obj
 .comment       0x00000043       0x44 CMakeFiles/1602_LCD.dir/Core/Src/system_stm32f4xx.c.obj
 .comment       0x00000043       0x44 CMakeFiles/1602_LCD.dir/Drivers/STM32F4xx_HAL_Driver/Src/stm32f4xx_ll_gpio.c.obj
 .comment       0x00000043       0x44 CMakeFiles/1602_LCD.dir/Drivers/STM32F4xx_HAL_Driver/Src/stm32f4xx_ll_utils.c.obj

.debug_line_str
                0x00000000       0x80
 .debug_line_str
                0x00000000       0x80 CMakeFiles/1602_LCD.dir/startup_stm32f407xx.s.obj
